     VMA      LMA     Size Align Out     In      Symbol
       0        0 80200000     1 . = 0x80200000
80200000 80200000      998     4 .text
80200000 80200000        e     2         /tmp/kernel-e6c9b3.o:(.text.boot)
80200000 80200000        0     1                 .L0 
80200000 80200000        0     1                 .L0 
80200000 80200000        0     1                 $x
80200000 80200000        0     1                 .L0 
80200000 80200000        e     1                 boot
8020000e 8020000e        0     1                 .L0 
8020000e 8020000e        0     1                 .L0 
80200010 80200010      752     4         /tmp/kernel-e6c9b3.o:(.text)
80200010 80200010        0     1                 .L0 
80200010 80200010        0     1                 .L0 
80200010 80200010        0     1                 $x
80200010 80200010        0     1                 .L0 
80200010 80200010        6     1                 sbi_call
80200016 80200016        0     1                 .L0 
80200016 80200016        0     1                 .L0 
80200016 80200016       14     1                 putchar
8020002a 8020002a        0     1                 .L0 
8020002a 8020002a        0     1                 .L0 
8020002a 8020002a       50     1                 alloc_pages
80200030 80200030        0     1                 .L0 
80200030 80200030        0     1                 .L0 
80200038 80200038        0     1                 .L0 
80200038 80200038        0     1                 .L0 
80200040 80200040        0     1                 .L0 
80200040 80200040        0     1                 .L0 
80200048 80200048        0     1                 .L0 
8020004c 8020004c        0     1                 .L0 
80200050 80200050        0     1                 .L0 
80200066 80200066        0     1                 .L0 
80200068 80200068        0     1                 .L0 
80200068 80200068        0     1                 .L0 
80200070 80200070        0     1                 .L0 
80200070 80200070        0     1                 .L0 
80200076 80200076        0     1                 .L0 
80200076 80200076        0     1                 .L0 
8020007a 8020007a        0     1                 .L0 
8020007a 8020007a        0     1                 .L0 
8020007a 8020007a        0     1                 .L0 
8020007a 8020007a        0     1                 .L0 
8020007a 8020007a       46     1                 switch_context
802000c0 802000c0        0     1                 .L0 
802000c0 802000c0        0     1                 .L0 
802000c0 802000c0       28     1                 handle_trap
802000c4 802000c4        0     1                 .L0 
802000c8 802000c8        0     1                 .L0 
802000cc 802000cc        0     1                 .L0 
802000d0 802000d0        0     1                 .L0 
802000d0 802000d0        0     1                 .L0 
802000d4 802000d4        0     1                 .L0 
802000e6 802000e6        0     1                 .L0 
802000e8 802000e8        0     1                 .L0 
802000e8 802000e8        0     1                 .L0 
802000e8 802000e8        0     1                 .L0 
802000e8 802000e8        0     1                 .L0 
802000e8 802000e8        0     1                 .L0 
802000e8 802000e8       96     1                 kernel_entry
8020017e 8020017e        0     1                 .L0 
8020017e 8020017e        0     1                 .L0 
8020017e 8020017e        0     1                 .L0 
8020017e 8020017e        0     1                 .L0 
8020017e 8020017e        0     1                 .L0 
8020017e 8020017e       fa     1                 create_process
8020018c 8020018c        0     1                 .L0 
8020018e 8020018e        0     1                 .L0 
8020018e 8020018e        0     1                 .L0 
80200196 80200196        0     1                 .L0 
80200198 80200198        0     1                 .L0 
80200198 80200198        0     1                 .L0 
802001a0 802001a0        0     1                 .L0 
802001a2 802001a2        0     1                 .L0 
802001a2 802001a2        0     1                 .L0 
802001aa 802001aa        0     1                 .L0 
802001ac 802001ac        0     1                 .L0 
802001ac 802001ac        0     1                 .L0 
802001b4 802001b4        0     1                 .L0 
802001b6 802001b6        0     1                 .L0 
802001b6 802001b6        0     1                 .L0 
802001be 802001be        0     1                 .L0 
802001c0 802001c0        0     1                 .L0 
802001c0 802001c0        0     1                 .L0 
802001c8 802001c8        0     1                 .L0 
802001ca 802001ca        0     1                 .L0 
802001ca 802001ca        0     1                 .L0 
802001d2 802001d2        0     1                 .L0 
802001d4 802001d4        0     1                 .L0 
802001d6 802001d6        0     1                 .L0 
802001d8 802001d8        0     1                 .L0 
802001d8 802001d8        0     1                 .L0 
802001d8 802001d8        0     1                 .L0 
802001dc 802001dc        0     1                 .L0 
802001ee 802001ee        0     1                 .L0 
802001ee 802001ee        0     1                 .L0 
802001f0 802001f0        0     1                 .L0 
802001f2 802001f2        0     1                 .L0 
802001f4 802001f4        0     1                 .L0 
802001f4 802001f4        0     1                 .L0 
802001f4 802001f4        0     1                 .L0 
802001fc 802001fc        0     1                 .L0 
802001fc 802001fc        0     1                 .L0 
80200202 80200202        0     1                 .L0 
80200204 80200204        0     1                 .L0 
80200204 80200204        0     1                 .L0 
80200204 80200204        0     1                 .L0 
8020020c 8020020c        0     1                 .L0 
8020020e 8020020e        0     1                 .L0 
8020020e 8020020e        0     1                 .L0 
8020020e 8020020e        0     1                 .L0 
80200216 80200216        0     1                 .L0 
80200218 80200218        0     1                 .L0 
80200218 80200218        0     1                 .L0 
80200218 80200218        0     1                 .L0 
80200220 80200220        0     1                 .L0 
80200222 80200222        0     1                 .L0 
80200222 80200222        0     1                 .L0 
80200222 80200222        0     1                 .L0 
8020022a 8020022a        0     1                 .L0 
8020022c 8020022c        0     1                 .L0 
8020022c 8020022c        0     1                 .L0 
8020022c 8020022c        0     1                 .L0 
80200234 80200234        0     1                 .L0 
80200234 80200234        0     1                 .L0 
8020023c 8020023c        0     1                 .L0 
80200240 80200240        0     1                 .L0 
80200244 80200244        0     1                 .L0 
80200248 80200248        0     1                 .L0 
8020024c 8020024c        0     1                 .L0 
80200250 80200250        0     1                 .L0 
80200254 80200254        0     1                 .L0 
80200258 80200258        0     1                 .L0 
8020025c 8020025c        0     1                 .L0 
80200262 80200262        0     1                 .L0 
80200266 80200266        0     1                 .L0 
8020026a 8020026a        0     1                 .L0 
8020026e 8020026e        0     1                 .L0 
80200276 80200276        0     1                 .L0 
80200278 80200278        0     1                 .L0 
80200278 80200278        0     1                 .L0 
80200278 80200278        0     1                 .L0 
80200278 80200278        0     1                 .L0 
80200278 80200278        0     1                 .L0 
80200278 80200278      16c     1                 yield
8020028a 8020028a        0     1                 .L0 
8020028a 8020028a        0     1                 .L0 
80200298 80200298        0     1                 .L0 
802002a6 802002a6        0     1                 .L0 
802002a6 802002a6        0     1                 .L0 
802002a8 802002a8        0     1                 .L0 
802002ac 802002ac        0     1                 .L0 
802002ae 802002ae        0     1                 .L0 
802002ae 802002ae        0     1                 .L0 
802002b2 802002b2        0     1                 .L0 
802002b4 802002b4        0     1                 .L0 
802002b8 802002b8        0     1                 .L0 
802002b8 802002b8        0     1                 .L0 
802002b8 802002b8        0     1                 .L0 
802002c0 802002c0        0     1                 .L0 
802002ce 802002ce        0     1                 .L0 
802002d0 802002d0        0     1                 .L0 
802002d4 802002d4        0     1                 .L0 
802002d6 802002d6        0     1                 .L0 
802002da 802002da        0     1                 .L0 
802002da 802002da        0     1                 .L0 
802002da 802002da        0     1                 .L0 
802002f6 802002f6        0     1                 .L0 
802002f8 802002f8        0     1                 .L0 
802002fc 802002fc        0     1                 .L0 
80200300 80200300        0     1                 .L0 
80200302 80200302        0     1                 .L0 
80200306 80200306        0     1                 .L0 
80200306 80200306        0     1                 .L0 
80200306 80200306        0     1                 .L0 
8020030e 8020030e        0     1                 .L0 
8020031c 8020031c        0     1                 .L0 
8020031e 8020031e        0     1                 .L0 
80200322 80200322        0     1                 .L0 
80200324 80200324        0     1                 .L0 
80200328 80200328        0     1                 .L0 
80200328 80200328        0     1                 .L0 
80200328 80200328        0     1                 .L0 
80200344 80200344        0     1                 .L0 
80200346 80200346        0     1                 .L0 
8020034a 8020034a        0     1                 .L0 
8020034e 8020034e        0     1                 .L0 
80200350 80200350        0     1                 .L0 
80200354 80200354        0     1                 .L0 
80200354 80200354        0     1                 .L0 
80200354 80200354        0     1                 .L0 
8020035c 8020035c        0     1                 .L0 
8020036a 8020036a        0     1                 .L0 
8020036c 8020036c        0     1                 .L0 
80200370 80200370        0     1                 .L0 
80200372 80200372        0     1                 .L0 
80200376 80200376        0     1                 .L0 
80200376 80200376        0     1                 .L0 
80200376 80200376        0     1                 .L0 
80200392 80200392        0     1                 .L0 
80200394 80200394        0     1                 .L0 
80200398 80200398        0     1                 .L0 
8020039c 8020039c        0     1                 .L0 
8020039e 8020039e        0     1                 .L0 
802003a2 802003a2        0     1                 .L0 
802003a2 802003a2        0     1                 .L0 
802003a2 802003a2        0     1                 .L0 
802003b4 802003b4        0     1                 .L0 
802003b6 802003b6        0     1                 .L0 
802003b8 802003b8        0     1                 .L0 
802003bc 802003bc        0     1                 .L0 
802003be 802003be        0     1                 .L0 
802003c2 802003c2        0     1                 .L0 
802003c2 802003c2        0     1                 .L0 
802003c2 802003c2        0     1                 .L0 
802003c4 802003c4        0     1                 .L0 
802003c4 802003c4        0     1                 .L0 
802003c4 802003c4        0     1                 .L0 
802003c8 802003c8        0     1                 .L0 
802003d6 802003d6        0     1                 .L0 
802003d8 802003d8        0     1                 .L0 
802003e0 802003e0        0     1                 .L0 
802003e0 802003e0        0     1                 .L0 
802003e2 802003e2        0     1                 .L0 
802003e2 802003e2        0     1                 .L0 
802003e4 802003e4        0     1                 .L0 
802003e4 802003e4        0     1                 .L0 
802003e4 802003e4        0     1                 .L0 
802003e4 802003e4        0     1                 .L0 
802003e4 802003e4       10     1                 delay
802003ec 802003ec        0     1                 .L0 
802003ee 802003ee        0     1                 .L0 
802003f0 802003f0        0     1                 .L0 
802003f0 802003f0        0     1                 .L0 
802003f2 802003f2        0     1                 .L0 
802003f2 802003f2        0     1                 .L0 
802003f4 802003f4        0     1                 .L0 
802003f4 802003f4        0     1                 .L0 
802003f4 802003f4        0     1                 .L0 
802003f4 802003f4        0     1                 .L0 
802003f4 802003f4       28     1                 proc_a_entry
802003f8 802003f8        0     1                 .L0 
80200402 80200402        0     1                 .L0 
80200402 80200402        0     1                 .L0 
80200402 80200402        0     1                 .L0 
80200418 80200418        0     1                 .L0 
80200418 80200418        0     1                 .L0 
8020041a 8020041a        0     1                 .L0 
8020041a 8020041a        0     1                 .L0 
8020041c 8020041c        0     1                 .L0 
8020041c 8020041c        0     1                 .L0 
8020041c 8020041c        0     1                 .L0 
8020041c 8020041c        0     1                 .L0 
8020041c 8020041c        0     1                 .L0 
8020041c 8020041c       28     1                 proc_b_entry
80200420 80200420        0     1                 .L0 
8020042a 8020042a        0     1                 .L0 
8020042a 8020042a        0     1                 .L0 
8020042a 8020042a        0     1                 .L0 
80200440 80200440        0     1                 .L0 
80200440 80200440        0     1                 .L0 
80200442 80200442        0     1                 .L0 
80200442 80200442        0     1                 .L0 
80200444 80200444        0     1                 .L0 
80200444 80200444        0     1                 .L0 
80200444 80200444        0     1                 .L0 
80200444 80200444        0     1                 .L0 
80200444 80200444        0     1                 .L0 
80200444 80200444      31e     1                 kernel_main
80200448 80200448        0     1                 .L0 
8020045e 8020045e        0     1                 .L0 
8020045e 8020045e        0     1                 .L0 
80200468 80200468        0     1                 .L0 
80200468 80200468        0     1                 .L0 
80200470 80200470        0     1                 .L0 
80200470 80200470        0     1                 .L0 
80200478 80200478        0     1                 .L0 
80200478 80200478        0     1                 .L0 
8020047c 8020047c        0     1                 .L0 
8020047e 8020047e        0     1                 .L0 
80200480 80200480        0     1                 .L0 
80200482 80200482        0     1                 .L0 
80200482 80200482        0     1                 .L0 
80200492 80200492        0     1                 .L0 
80200494 80200494        0     1                 .L0 
80200494 80200494        0     1                 .L0 
8020049c 8020049c        0     1                 .L0 
8020049e 8020049e        0     1                 .L0 
8020049e 8020049e        0     1                 .L0 
802004a6 802004a6        0     1                 .L0 
802004a8 802004a8        0     1                 .L0 
802004a8 802004a8        0     1                 .L0 
802004b0 802004b0        0     1                 .L0 
802004b2 802004b2        0     1                 .L0 
802004b2 802004b2        0     1                 .L0 
802004ba 802004ba        0     1                 .L0 
802004bc 802004bc        0     1                 .L0 
802004bc 802004bc        0     1                 .L0 
802004c4 802004c4        0     1                 .L0 
802004c6 802004c6        0     1                 .L0 
802004c6 802004c6        0     1                 .L0 
802004ce 802004ce        0     1                 .L0 
802004d0 802004d0        0     1                 .L0 
802004d0 802004d0        0     1                 .L0 
802004e6 802004e6        0     1                 .L0 
802004e8 802004e8        0     1                 .L0 
802004e8 802004e8        0     1                 .L0 
802004e8 802004e8        0     1                 .L0 
802004ec 802004ec        0     1                 .L0 
802004ec 802004ec        0     1                 .L0 
802004f0 802004f0        0     1                 .L0 
802004f0 802004f0        0     1                 .L0 
802004f6 802004f6        0     1                 .L0 
802004f6 802004f6        0     1                 .L0 
802004fc 802004fc        0     1                 .L0 
802004fc 802004fc        0     1                 .L0 
80200502 80200502        0     1                 .L0 
80200502 80200502        0     1                 .L0 
80200508 80200508        0     1                 .L0 
80200508 80200508        0     1                 .L0 
8020050c 8020050c        0     1                 .L0 
8020050c 8020050c        0     1                 .L0 
8020050e 8020050e        0     1                 .L0 
80200516 80200516        0     1                 .L0 
8020051a 8020051a        0     1                 .L0 
8020051e 8020051e        0     1                 .L0 
80200522 80200522        0     1                 .L0 
80200526 80200526        0     1                 .L0 
8020052a 8020052a        0     1                 .L0 
8020052e 8020052e        0     1                 .L0 
80200532 80200532        0     1                 .L0 
80200536 80200536        0     1                 .L0 
8020053a 8020053a        0     1                 .L0 
8020053e 8020053e        0     1                 .L0 
80200546 80200546        0     1                 .L0 
8020054a 8020054a        0     1                 .L0 
8020054e 8020054e        0     1                 .L0 
80200552 80200552        0     1                 .L0 
80200556 80200556        0     1                 .L0 
80200558 80200558        0     1                 .L0 
80200558 80200558        0     1                 .L0 
80200564 80200564        0     1                 .L0 
8020056a 8020056a        0     1                 .L0 
8020056a 8020056a        0     1                 .L0 
8020056c 8020056c        0     1                 .L0 
8020056e 8020056e        0     1                 .L0 
8020056e 8020056e        0     1                 .L0 
8020057e 8020057e        0     1                 .L0 
8020057e 8020057e        0     1                 .L0 
80200586 80200586        0     1                 .L0 
80200588 80200588        0     1                 .L0 
80200588 80200588        0     1                 .L0 
80200590 80200590        0     1                 .L0 
80200592 80200592        0     1                 .L0 
80200592 80200592        0     1                 .L0 
8020059a 8020059a        0     1                 .L0 
8020059c 8020059c        0     1                 .L0 
8020059c 8020059c        0     1                 .L0 
802005a4 802005a4        0     1                 .L0 
802005a6 802005a6        0     1                 .L0 
802005a6 802005a6        0     1                 .L0 
802005ae 802005ae        0     1                 .L0 
802005b0 802005b0        0     1                 .L0 
802005b0 802005b0        0     1                 .L0 
802005b8 802005b8        0     1                 .L0 
802005ba 802005ba        0     1                 .L0 
802005ba 802005ba        0     1                 .L0 
802005d0 802005d0        0     1                 .L0 
802005d2 802005d2        0     1                 .L0 
802005d2 802005d2        0     1                 .L0 
802005d2 802005d2        0     1                 .L0 
802005da 802005da        0     1                 .L0 
802005da 802005da        0     1                 .L0 
802005e0 802005e0        0     1                 .L0 
802005e2 802005e2        0     1                 .L0 
802005e2 802005e2        0     1                 .L0 
802005e2 802005e2        0     1                 .L0 
802005ea 802005ea        0     1                 .L0 
802005ec 802005ec        0     1                 .L0 
802005ec 802005ec        0     1                 .L0 
802005ec 802005ec        0     1                 .L0 
802005f4 802005f4        0     1                 .L0 
802005f6 802005f6        0     1                 .L0 
802005f6 802005f6        0     1                 .L0 
802005f6 802005f6        0     1                 .L0 
802005fe 802005fe        0     1                 .L0 
80200600 80200600        0     1                 .L0 
80200600 80200600        0     1                 .L0 
80200600 80200600        0     1                 .L0 
80200608 80200608        0     1                 .L0 
8020060a 8020060a        0     1                 .L0 
8020060a 8020060a        0     1                 .L0 
8020060a 8020060a        0     1                 .L0 
80200612 80200612        0     1                 .L0 
80200612 80200612        0     1                 .L0 
80200614 80200614        0     1                 .L0 
80200614 80200614        0     1                 .L0 
8020061c 8020061c        0     1                 .L0 
80200620 80200620        0     1                 .L0 
80200624 80200624        0     1                 .L0 
80200628 80200628        0     1                 .L0 
8020062c 8020062c        0     1                 .L0 
80200630 80200630        0     1                 .L0 
80200634 80200634        0     1                 .L0 
80200638 80200638        0     1                 .L0 
8020063c 8020063c        0     1                 .L0 
80200642 80200642        0     1                 .L0 
80200646 80200646        0     1                 .L0 
8020064a 8020064a        0     1                 .L0 
8020064e 8020064e        0     1                 .L0 
80200650 80200650        0     1                 .L0 
80200652 80200652        0     1                 .L0 
80200656 80200656        0     1                 .L0 
80200656 80200656        0     1                 .L0 
8020065c 8020065c        0     1                 .L0 
8020065c 8020065c        0     1                 .L0 
80200666 80200666        0     1                 .L0 
80200666 80200666        0     1                 .L0 
8020066e 8020066e        0     1                 .L0 
80200670 80200670        0     1                 .L0 
80200670 80200670        0     1                 .L0 
80200678 80200678        0     1                 .L0 
8020067a 8020067a        0     1                 .L0 
8020067a 8020067a        0     1                 .L0 
80200682 80200682        0     1                 .L0 
80200684 80200684        0     1                 .L0 
80200684 80200684        0     1                 .L0 
8020068c 8020068c        0     1                 .L0 
8020068e 8020068e        0     1                 .L0 
8020068e 8020068e        0     1                 .L0 
80200696 80200696        0     1                 .L0 
80200698 80200698        0     1                 .L0 
80200698 80200698        0     1                 .L0 
802006a0 802006a0        0     1                 .L0 
802006a2 802006a2        0     1                 .L0 
802006a2 802006a2        0     1                 .L0 
802006b8 802006b8        0     1                 .L0 
802006ba 802006ba        0     1                 .L0 
802006ba 802006ba        0     1                 .L0 
802006ba 802006ba        0     1                 .L0 
802006c2 802006c2        0     1                 .L0 
802006c2 802006c2        0     1                 .L0 
802006c8 802006c8        0     1                 .L0 
802006ca 802006ca        0     1                 .L0 
802006ca 802006ca        0     1                 .L0 
802006ca 802006ca        0     1                 .L0 
802006d2 802006d2        0     1                 .L0 
802006d4 802006d4        0     1                 .L0 
802006d4 802006d4        0     1                 .L0 
802006d4 802006d4        0     1                 .L0 
802006dc 802006dc        0     1                 .L0 
802006de 802006de        0     1                 .L0 
802006de 802006de        0     1                 .L0 
802006de 802006de        0     1                 .L0 
802006e6 802006e6        0     1                 .L0 
802006e8 802006e8        0     1                 .L0 
802006e8 802006e8        0     1                 .L0 
802006e8 802006e8        0     1                 .L0 
802006f0 802006f0        0     1                 .L0 
802006f2 802006f2        0     1                 .L0 
802006f2 802006f2        0     1                 .L0 
802006f2 802006f2        0     1                 .L0 
802006fa 802006fa        0     1                 .L0 
802006fa 802006fa        0     1                 .L0 
802006fc 802006fc        0     1                 .L0 
8020070a 8020070a        0     1                 .L0 
8020070c 8020070c        0     1                 .L0 
80200710 80200710        0     1                 .L0 
80200714 80200714        0     1                 .L0 
80200718 80200718        0     1                 .L0 
8020071c 8020071c        0     1                 .L0 
80200720 80200720        0     1                 .L0 
80200724 80200724        0     1                 .L0 
80200728 80200728        0     1                 .L0 
8020072c 8020072c        0     1                 .L0 
80200732 80200732        0     1                 .L0 
80200736 80200736        0     1                 .L0 
8020073a 8020073a        0     1                 .L0 
8020073e 8020073e        0     1                 .L0 
80200744 80200744        0     1                 .L0 
80200748 80200748        0     1                 .L0 
8020074a 8020074a        0     1                 .L0 
8020074a 8020074a        0     1                 .L0 
80200760 80200760        0     1                 .L0 
80200762 80200762        0     1                 .L0 
80200762 80200762        0     1                 .L0 
80200762 80200762      236     2         /tmp/common-c823ad.o:(.text)
80200762 80200762        0     1                 .L0 
80200762 80200762        0     1                 .L0 
80200762 80200762        0     1                 $x
80200762 80200762        0     1                 .L0 
80200762 80200762      1c0     1                 printf
8020077e 8020077e        0     1                 .L0 
802007a8 802007a8        0     1                 .L0 
802007b8 802007b8        0     1                 .L0 
802007b8 802007b8        0     1                 .L0 
802007bc 802007bc        0     1                 .L0 
802007bc 802007bc        0     1                 .L0 
802007be 802007be        0     1                 .L0 
802007c2 802007c2        0     1                 .L0 
802007c6 802007c6        0     1                 .L0 
802007ca 802007ca        0     1                 .L0 
802007ca 802007ca        0     1                 .L0 
802007cc 802007cc        0     1                 .L0 
802007cc 802007cc        0     1                 .L0 
802007ce 802007ce        0     1                 .L0 
802007d0 802007d0        0     1                 .L0 
802007d0 802007d0        0     1                 .L0 
802007d6 802007d6        0     1                 .L0 
802007da 802007da        0     1                 .L0 
802007de 802007de        0     1                 .L0 
802007e6 802007e6        0     1                 .L0 
802007e6 802007e6        0     1                 .L0 
802007f2 802007f2        0     1                 .L0 
802007f2 802007f2        0     1                 .L0 
802007f6 802007f6        0     1                 .L0 
802007f6 802007f6        0     1                 .L0 
802007f8 802007f8        0     1                 .L0 
802007fe 802007fe        0     1                 .L0 
802007fe 802007fe        0     1                 .L0 
802007fe 802007fe        0     1                 .L0 
80200802 80200802        0     1                 .L0 
80200806 80200806        0     1                 .L0 
80200806 80200806        0     1                 .L0 
80200810 80200810        0     1                 .L0 
80200814 80200814        0     1                 .L0 
80200816 80200816        0     1                 .L0 
8020081a 8020081a        0     1                 .L0 
8020081e 8020081e        0     1                 .L0 
8020081e 8020081e        0     1                 .L0 
80200824 80200824        0     1                 .L0 
80200826 80200826        0     1                 .L0 
8020082a 8020082a        0     1                 .L0 
8020082e 8020082e        0     1                 .L0 
8020082e 8020082e        0     1                 .L0 
80200834 80200834        0     1                 .L0 
80200836 80200836        0     1                 .L0 
8020083a 8020083a        0     1                 .L0 
8020083e 8020083e        0     1                 .L0 
8020083e 8020083e        0     1                 .L0 
80200844 80200844        0     1                 .L0 
80200846 80200846        0     1                 .L0 
8020084a 8020084a        0     1                 .L0 
8020084e 8020084e        0     1                 .L0 
8020084e 8020084e        0     1                 .L0 
80200854 80200854        0     1                 .L0 
80200856 80200856        0     1                 .L0 
8020085a 8020085a        0     1                 .L0 
8020085e 8020085e        0     1                 .L0 
8020085e 8020085e        0     1                 .L0 
80200864 80200864        0     1                 .L0 
80200866 80200866        0     1                 .L0 
8020086a 8020086a        0     1                 .L0 
8020086e 8020086e        0     1                 .L0 
8020086e 8020086e        0     1                 .L0 
80200874 80200874        0     1                 .L0 
80200876 80200876        0     1                 .L0 
8020087a 8020087a        0     1                 .L0 
8020087e 8020087e        0     1                 .L0 
8020087e 8020087e        0     1                 .L0 
80200880 80200880        0     1                 .L0 
80200882 80200882        0     1                 .L0 
80200886 80200886        0     1                 .L0 
80200886 80200886        0     1                 .L0 
8020088a 8020088a        0     1                 .L0 
8020088a 8020088a        0     1                 .L0 
8020088c 8020088c        0     1                 .L0 
8020088e 8020088e        0     1                 .L0 
8020088e 8020088e        0     1                 .L0 
8020088e 8020088e        0     1                 .L0 
80200898 80200898        0     1                 .L0 
8020089c 8020089c        0     1                 .L0 
802008a2 802008a2        0     1                 .L0 
802008a2 802008a2        0     1                 .L0 
802008a2 802008a2        0     1                 .L0 
802008aa 802008aa        0     1                 .L0 
802008aa 802008aa        0     1                 .L0 
802008ae 802008ae        0     1                 .L0 
802008b0 802008b0        0     1                 .L0 
802008b4 802008b4        0     1                 .L0 
802008b4 802008b4        0     1                 .L0 
802008b4 802008b4        0     1                 .L0 
802008bc 802008bc        0     1                 .L0 
802008bc 802008bc        0     1                 .L0 
802008c0 802008c0        0     1                 .L0 
802008c2 802008c2        0     1                 .L0 
802008c6 802008c6        0     1                 .L0 
802008c6 802008c6        0     1                 .L0 
802008c6 802008c6        0     1                 .L0 
802008cc 802008cc        0     1                 .L0 
802008ce 802008ce        0     1                 .L0 
802008d2 802008d2        0     1                 .L0 
802008d6 802008d6        0     1                 .L0 
802008d6 802008d6        0     1                 .L0 
802008d6 802008d6        0     1                 .L0 
802008d8 802008d8        0     1                 .L0 
802008e0 802008e0        0     1                 .L0 
802008e8 802008e8        0     1                 .L0 
802008e8 802008e8        0     1                 .L0 
802008f6 802008f6        0     1                 .L0 
802008f6 802008f6        0     1                 .L0 
802008fc 802008fc        0     1                 .L0 
802008fc 802008fc        0     1                 .L0 
802008fc 802008fc        0     1                 .L0 
80200904 80200904        0     1                 .L0 
80200904 80200904        0     1                 .L0 
80200904 80200904        0     1                 .L0 
80200908 80200908        0     1                 .L0 
8020091e 8020091e        0     1                 .L0 
80200922 80200922        0     1                 .L0 
80200922 80200922        0     1                 .L0 
80200922 80200922        0     1                 .L0 
80200922 80200922        0     1                 .L0 
80200922 80200922        0     1                 .L0 
80200922 80200922       1c     1                 memcpy
80200926 80200926        0     1                 .L0 
80200926 80200926        0     1                 .L0 
80200928 80200928        0     1                 .L0 
8020092e 8020092e        0     1                 .L0 
80200932 80200932        0     1                 .L0 
80200938 80200938        0     1                 .L0 
80200938 80200938        0     1                 .L0 
8020093c 8020093c        0     1                 .L0 
8020093c 8020093c        0     1                 .L0 
8020093c 8020093c        0     1                 .L0 
8020093e 8020093e        0     1                 .L0 
8020093e 8020093e        0     1                 .L0 
8020093e 8020093e        0     1                 .L0 
8020093e 8020093e        0     1                 .L0 
8020093e 8020093e        0     1                 .L0 
8020093e 8020093e       16     1                 memset
80200942 80200942        0     1                 .L0 
80200942 80200942        0     1                 .L0 
80200944 80200944        0     1                 .L0 
80200948 80200948        0     1                 .L0 
8020094e 8020094e        0     1                 .L0 
8020094e 8020094e        0     1                 .L0 
80200952 80200952        0     1                 .L0 
80200952 80200952        0     1                 .L0 
80200952 80200952        0     1                 .L0 
80200954 80200954        0     1                 .L0 
80200954 80200954        0     1                 .L0 
80200954 80200954        0     1                 .L0 
80200954 80200954        0     1                 .L0 
80200954 80200954       20     1                 strcpy
8020095a 8020095a        0     1                 .L0 
8020095e 8020095e        0     1                 .L0 
8020095e 8020095e        0     1                 .L0 
80200960 80200960        0     1                 .L0 
8020096a 8020096a        0     1                 .L0 
8020096c 8020096c        0     1                 .L0 
8020096e 8020096e        0     1                 .L0 
8020096e 8020096e        0     1                 .L0 
8020096e 8020096e        0     1                 .L0 
80200974 80200974        0     1                 .L0 
80200974 80200974        0     1                 .L0 
80200974 80200974        0     1                 .L0 
80200974 80200974        0     1                 .L0 
80200974 80200974       24     1                 strcmp
80200978 80200978        0     1                 .L0 
8020097a 8020097a        0     1                 .L0 
8020097c 8020097c        0     1                 .L0 
8020097c 8020097c        0     1                 .L0 
80200980 80200980        0     1                 .L0 
80200984 80200984        0     1                 .L0 
80200984 80200984        0     1                 .L0 
8020098a 8020098a        0     1                 .L0 
8020098c 8020098c        0     1                 .L0 
8020098e 8020098e        0     1                 .L0 
8020098e 8020098e        0     1                 .L0 
80200998 80200998        0     1                 .L0 
80200998 80200998        0     1                 .L0 
80200998 80200998       ec     4 .rodata
80200998 80200998       ec     1         <internal>:(.rodata.str1.1)
80200a84 80200a84        4     4 .data
80200a84 80200a84        4     4         /tmp/kernel-e6c9b3.o:(.data)
80200a84 80200a84        4     1                 alloc_pages.next_paddr
80200a84 80200a84        0     1                 $d
80200a88 80200a88    10070     4 .bss
80200a88 80200a88        0     1         __bss = .
80200a88 80200a88    10070     4         /tmp/kernel-e6c9b3.o:(.bss)
80200a88 80200a88        0     1                 $d
80200a88 80200a88    10060     1                 procs
80210ae8 80210ae8       10     1                 .L_MergedGlobals
80210ae8 80210ae8        4     1                 idle_proc
80210aec 80210aec        4     1                 current_proc
80210af0 80210af0        4     1                 proc_a
80210af4 80210af4        4     1                 proc_b
80210af8 80210af8        0     1         __bss_end = .
80210af8 80210af8        0     1 . = ALIGN(4)
80210af8 80210af8    20000     1 . += 128 * 1024
80230af8 80230af8        0     1 __stack_top = .
80230af8 80230af8      508     1 . = ALIGN(4096)
80231000 80231000        0     1 __free_ram = .
80231000 80231000  4000000     1 . += 64 * 1024 * 1024
84231000 84231000        0     1 __free_ram_end = .
       0        0      8a0     1 .debug_loclists
       0        0      6b2     1         /tmp/kernel-e6c9b3.o:(.debug_loclists)
       0        0        0     1                 $d
       c        c        0     1                 .L0 
     6b2      6b2      1ee     1         /tmp/common-c823ad.o:(.debug_loclists)
     6b2      6b2        0     1                 $d
     6be      6be        0     1                 .L0 
       0        0      3c2     1 .debug_abbrev
       0        0      281     1         /tmp/kernel-e6c9b3.o:(.debug_abbrev)
       0        0        0     1                 $d
     281      281      141     1         /tmp/common-c823ad.o:(.debug_abbrev)
     281      281        0     1                 $d
       0        0      a7d     1 .debug_info
       0        0      830     1         /tmp/kernel-e6c9b3.o:(.debug_info)
       0        0        0     1                 $d
     830      830      24d     1         /tmp/common-c823ad.o:(.debug_info)
     830      830        0     1                 $d
       0        0       92     1 .debug_rnglists
       0        0       77     1         /tmp/kernel-e6c9b3.o:(.debug_rnglists)
       0        0        0     1                 $d
       c        c        0     1                 .L0 
      77       77       1b     1         /tmp/common-c823ad.o:(.debug_rnglists)
      77       77        0     1                 $d
      83       83        0     1                 .L0 
       0        0      220     1 .debug_str_offsets
       0        0      188     1         /tmp/kernel-e6c9b3.o:(.debug_str_offsets)
       0        0        0     1                 $d
       8        8        0     1                 .L0 
     188      188       98     1         /tmp/common-c823ad.o:(.debug_str_offsets)
     188      188        0     1                 $d
     190      190        0     1                 .L0 
       0        0      2e5     1 .debug_str
       0        0      2e5     1         <internal>:(.debug_str)
       0        0      118     1 .debug_addr
       0        0       b8     1         /tmp/kernel-e6c9b3.o:(.debug_addr)
       0        0        0     1                 $d
       8        8        0     1                 .L0 
      b8       b8       60     1         /tmp/common-c823ad.o:(.debug_addr)
      b8       b8        0     1                 $d
      c0       c0        0     1                 .L0 
       0        0       29     1 .comment
       0        0       29     1         <internal>:(.comment)
       0        0       4e     1 .riscv.attributes
       0        0       4e     1         <internal>:(.riscv.attributes)
       0        0      1b8     4 .debug_frame
       0        0      120     4         /tmp/kernel-e6c9b3.o:(.debug_frame)
       0        0        0     1                 .L0 
       0        0        0     1                 $d
     120      120       98     4         /tmp/common-c823ad.o:(.debug_frame)
     120      120        0     1                 .L0 
     120      120        0     1                 $d
       0        0      959     1 .debug_line
       0        0      6a4     1         /tmp/kernel-e6c9b3.o:(.debug_line)
       0        0        0     1                 .Lline_table_start0
       0        0        0     1                 $d
     6a4      6a4      2b5     1         /tmp/common-c823ad.o:(.debug_line)
     6a4      6a4        0     1                 .Lline_table_start0
     6a4      6a4        0     1                 $d
       0        0       49     1 .debug_line_str
       0        0       49     1         <internal>:(.debug_line_str)
       0        0      3f0     4 .symtab
       0        0      3f0     4         <internal>:(.symtab)
       0        0       dc     1 .shstrtab
       0        0       dc     1         <internal>:(.shstrtab)
       0        0      196     1 .strtab
       0        0      196     1         <internal>:(.strtab)
